name: aws_query_v1
description: Aws Query V1 client SDK
version: 0.1.0
publish_to: none

environment:
  sdk: ^3.0.0

dependencies:
  smithy:
    path: ../../../smithy
  smithy_aws:
    path: ../../../smithy_aws
  aws_common:
    path: ../../../../aws_common
  built_value: ">=8.6.0 <8.8.0"
  built_collection: ^5.0.0
  fixnum: ^1.0.0
  meta: ^1.7.0

dependency_overrides:
  smithy:
    path: ../../../smithy
  smithy_aws:
    path: ../../../smithy_aws
  smithy_codegen:
    path: ../../../smithy_codegen
  aws_common:
    path: ../../../../aws_common
  aws_signature_v4:
    path: ../../../../aws_signature_v4
  smithy_test:
    path: ../../../smithy_test

dev_dependencies:
  smithy_test:
    path: ../../../smithy_test
  build_runner: ^2.4.0
  build_web_compilers: ^4.0.0
  build_test: ^2.1.5
  built_value_generator: 8.7.0
  lints: ^2.1.0
  test: ^1.22.1
