sdk:
  - stable
  - dev

stages:
  - analyze_and_format:
      - group:
          - format
          - analyze: --fatal-infos .
  - unit_test:
      - test:
        os:
          - linux
          - macos
          - windows
      - test: -p chrome
      - test: -p firefox
