{
    "mavenDependencies": [
        "software.amazon.smithy:smithy-model:1.26.3",
        "software.amazon.smithy:smithy-aws-apigateway-traits:1.26.3",
        "software.amazon.smithy:smithy-aws-cloudformation-traits:1.26.3",
        "software.amazon.smithy:smithy-aws-iam-traits:1.26.3",
        "software.amazon.smithy:smithy-aws-traits:1.26.3",
        "software.amazon.smithy:smithy-mqtt-traits:1.26.3",
        "software.amazon.smithy:smithy-protocol-test-traits:1.26.3",
        "software.amazon.smithy:smithy-validation-model:1.26.3"
    ]
}
