include: package:lints/recommended.yaml

analyzer:
  errors:
    avoid_unused_constructor_parameters: ignore
    deprecated_member_use_from_same_package: ignore
    non_constant_identifier_names: ignore
